// Jest Snapshot v1, https://goo.gl/fbAQLP

exports[`Renders correctly 1`] = `
<View
  style={
    Array [
      Object {
        "position": "relative",
      },
      Object {
        "height": undefined,
        "width": undefined,
      },
      Object {
        "height": 20,
        "width": 200,
      },
    ]
  }
>
  <View
    style={
      Array [
        Object {
          "left": 0,
          "position": "absolute",
          "top": 0,
        },
        Object {
          "backgroundColor": "#eee",
        },
        Object {
          "height": 20,
          "width": 200,
        },
      ]
    }
  />
  <View
    style={
      Array [
        Object {
          "left": 0,
          "position": "absolute",
          "top": 0,
        },
        Object {
          "backgroundColor": "#8DE969",
        },
        Object {
          "height": 20,
          "width": 0,
        },
      ]
    }
  />
</View>
`;
